Γû▓ Next.js 16.1.1 (Turbopack)
- Environments: .env.local

node.exe : ΓÜá The "middleware" 
file convention is deprecated. 
Please use "proxy" instead. 
Learn more: https://nextjs.org/d
ocs/messages/middleware-to-proxy
At C:\nvm4w\nodejs\npx.ps1:29 
char:3
+   & $NODE_EXE $NPX_CLI_JS 
$args
+   
~~~~~~~~~~~~~~~~~~~~~~~~~~~~~
    + CategoryInfo          : N 
   otSpecified: (ΓÜá The "midd  
  le...leware-to-proxy:String   
 ) [], RemoteException
    + FullyQualifiedErrorId : N 
   ativeCommandError
 
  Creating an optimized production build ...
Γ£ô Compiled successfully in 45s
  Skipping validation of types
  Collecting page data using 11 workers ...
  Generating static pages using 11 workers (0/115) ...
  Generating static pages using 11 workers (28/115) 
  Generating static pages using 11 workers (57/115) 
  Generating static pages using 11 workers (86/115) 
Γ£ô Generating static pages using 11 workers (115/115) in 7.8s
  Finalizing page optimization ...

Route (app)
Γöî Γùï /
Γö£ Γùï /_not-found
Γö£ Γùï /academy
Γö£ Γùï /academy/arbitration
Γö£ Γùï /academy/mediation
Γö£ Γùï /academy/negotiation
Γö£ Γùï /admin
Γö£ Γùï /admin/academy
Γö£ Γùï /admin/academy/arbitration
Γö£ Γùï /admin/academy/arbitration/courses
Γö£ Γùï /admin/academy/arbitration/faculty
Γö£ Γùï /admin/academy/arbitration/modules
Γö£ Γùï /admin/academy/arbitration/partners
Γö£ Γùï /admin/academy/mediation
Γö£ Γùï /admin/academy/mediation/courses
Γö£ Γùï /admin/academy/mediation/faculty
Γö£ Γùï /admin/academy/mediation/modules
Γö£ Γùï /admin/academy/mediation/partners
Γö£ Γùï /admin/academy/negotiation
Γö£ Γùï /admin/academy/negotiation/courses
Γö£ Γùï /admin/academy/negotiation/faculty
Γö£ Γùï /admin/academy/negotiation/modules
Γö£ Γùï /admin/academy/negotiation/partners
Γö£ Γùï /admin/audit-logs
Γö£ Γùï /admin/ecosystem
Γö£ Γùï /admin/ecosystem/about
Γö£ Γùï /admin/ecosystem/collaborators
Γö£ Γùï /admin/ecosystem/pledge
Γö£ Γùï /admin/ecosystem/team
Γö£ Γùï /admin/events
Γö£ Γùï /admin/events/advocate-maximus
Γö£ Γùï /admin/events/awards
Γö£ Γùï /admin/events/conclave
Γö£ Γùï /admin/events/general
Γö£ Γùï /admin/events/mci
Γö£ Γùï /admin/global-settings
Γö£ Γùï /admin/home-page
Γö£ Γùï /admin/home-page/about
Γö£ Γùï /admin/home-page/hero-slides
Γö£ Γùï /admin/home-page/network-logos
Γö£ Γùï /admin/home-page/news
Γö£ Γùï /admin/home-page/panel-members
Γö£ Γùï /admin/home-page/partners
Γö£ Γùï /admin/home-page/testimonials
Γö£ Γùï /admin/home-page/why
Γö£ Γùï /admin/login
Γö£ Γùï /admin/mediation
Γö£ Γùï /admin/mediation/case-studies
Γö£ Γùï /admin/mediation/fees
Γö£ Γùï /admin/mediation/resolution-steps
Γö£ Γùï /admin/mediation/rules
Γö£ Γùï /admin/mediation/why-points
Γö£ Γùï /admin/profile
Γö£ Γùï /admin/resources
Γö£ Γùï /admin/resources/clauses-toolkits
Γö£ Γùï /admin/resources/journal
Γö£ Γùï /admin/resources/library
Γö£ Γùï /admin/resources/nmr
Γö£ Γùï /admin/resources/podcast
Γö£ Γùï /admin/resources/publications
Γö£ Γùï /admin/resources/simplified
Γö£ ╞Æ /api/audit-logs
Γö£ ╞Æ /api/auth/login
Γö£ ╞Æ /api/auth/profile
Γö£ ╞Æ /api/auth/signup
Γö£ ╞Æ /api/content/about-pact
Γö£ ╞Æ /api/content/academy/courses
Γö£ ╞Æ /api/content/academy/faculty
Γö£ ╞Æ /api/content/academy/modules
Γö£ ╞Æ /api/content/academy/partners
Γö£ ╞Æ /api/content/academy/seed
Γö£ ╞Æ /api/content/advocate-maximus-event
Γö£ ╞Æ /api/content/awards-event
Γö£ ╞Æ /api/content/clauses-essentials
Γö£ ╞Æ /api/content/clauses-essentials/seed
Γö£ ╞Æ /api/content/conclave-event
Γö£ ╞Æ /api/content/ecosystem/awards
Γö£ ╞Æ /api/content/ecosystem/partners
Γö£ ╞Æ /api/content/ecosystem/pledge/signatories
Γö£ ╞Æ /api/content/ecosystem/seed
Γö£ ╞Æ /api/content/ecosystem/team
Γö£ ╞Æ /api/content/externship
Γö£ ╞Æ /api/content/footer
Γö£ ╞Æ /api/content/general-event
Γö£ ╞Æ /api/content/global-settings
Γö£ ╞Æ /api/content/hero-slides
Γö£ ╞Æ /api/content/mci-event
Γö£ ╞Æ /api/content/mci-signup
Γö£ ╞Æ /api/content/mediation/case-studies
Γö£ ╞Æ /api/content/mediation/fees
Γö£ ╞Æ /api/content/mediation/resolution-steps
Γö£ ╞Æ /api/content/mediation/rules
Γö£ ╞Æ /api/content/mediation/why-points
Γö£ ╞Æ /api/content/network-logos
Γö£ ╞Æ /api/content/news
Γö£ ╞Æ /api/content/nmr-content
Γö£ ╞Æ /api/content/nmr-content/seed
Γö£ ╞Æ /api/content/panel-members
Γö£ ╞Æ /api/content/partners
Γö£ ╞Æ /api/content/pledge
Γö£ ╞Æ /api/content/resources
Γö£ ╞Æ /api/content/resources/seed
Γö£ ╞Æ /api/content/testimonials
Γö£ ╞Æ /api/content/testimonials/seed
Γö£ ╞Æ /api/content/why-pact
Γö£ ╞Æ /api/file/view
Γö£ ╞Æ /api/health
Γö£ ╞Æ /api/upload
Γö£ Γùï /ecosystem
Γö£ Γùï /ecosystem/about-us
Γö£ Γùï /ecosystem/collaborators
Γö£ Γùï /ecosystem/pledge
Γö£ Γùï /ecosystem/team
Γö£ Γùï /events
Γö£ Γùï /events/advocate-maximus
Γö£ Γùï /events/mci
Γö£ Γùï /events/mmc
Γö£ Γùï /events/niaam
Γö£ Γùï /events/projects
Γö£ Γùï /initiate-mediation
Γö£ Γùï /mediation
Γö£ Γùï /mediation/case-studies
Γö£ Γùï /mediation/mediator-panel
Γö£ Γùï /mediation/rules-fees
Γö£ Γùï /mediation/why-mediate
Γö£ Γùï /privacy
Γö£ Γùï /reserve-training
Γö£ Γùï /resources
Γö£ Γùï /resources/blog
Γö£ Γùï /resources/clauses-toolkits
Γö£ Γùï /resources/mediation-simplified
Γö£ Γùï /resources/national-mediation-review
Γö£ Γùï /resources/podcast
Γöö Γùï /terms


╞Æ Proxy (Middleware)

Γùï  (Static)   prerendered as static content
╞Æ  (Dynamic)  server-rendered on demand

